
                                  Hello World
  This is bold and italic and strike and code.
  • item one
  • item two
    • nested item
  1 first
  2 second
   A                                   │ B
   1                                   │ 2
   3                                   │ 4
  │ a quote
  link
  ────────────────────────────────────────────────────────────────────────────

                                 setext heading
                                   Level Two
  Level Three
  horizontal rule below:
  ────────────────────────────────────────────────────────────────────────────
