
                                       Markdown 常用语法示例

                                              1. 标题

                                              一级标题

                                              二级标题
  三级标题
  四级标题
  ────────────────────────────────────────────────────────────────────────────────────────────────

                                            2. 文本样式
  加粗文本
  斜体文本
  加粗斜体
  删除线
  行内代码：console.log('hello')
  ────────────────────────────────────────────────────────────────────────────────────────────────

                                              3. 列表
  无序列表
  • 项目 1
  • 项目 2
    • 子项目 2.1
    • 子项目 2.2
  • 项目 3
  有序列表
  1 第一步
  2 第二步
  3 第三步
  ────────────────────────────────────────────────────────────────────────────────────────────────

                                           4. 链接和图片
  百度一下
  !示例图片
  ────────────────────────────────────────────────────────────────────────────────────────────────

                                              5. 引用
  │ 这是一段引用文字
  │
  │ —— 作者
  ────────────────────────────────────────────────────────────────────────────────────────────────

                                             6. 代码块
  ▄▄▄▄▄▄▄▄▄▄▄▄▄▄▄▄▄▄▄▄▄▄▄▄▄▄▄▄▄▄▄▄▄▄▄▄▄▄▄▄▄▄▄▄▄▄▄▄▄▄▄▄▄▄▄▄▄▄▄▄▄▄▄▄▄▄▄▄▄▄▄▄▄▄▄▄▄▄▄▄▄▄▄▄▄▄▄▄▄▄▄▄▄▄▄▄
    function hello() {
      console.log('Hello, World!');
    }
  ▀▀▀▀▀▀▀▀▀▀▀▀▀▀▀▀▀▀▀▀▀▀▀▀▀▀▀▀▀▀▀▀▀▀▀▀▀▀▀▀▀▀▀▀▀▀▀▀▀▀▀▀▀▀▀▀▀▀▀▀▀▀▀▀▀▀▀▀▀▀▀▀▀▀▀▀▀▀▀▀▀▀▀▀▀▀▀▀▀▀▀▀▀▀▀▀
  ▄▄▄▄▄▄▄▄▄▄▄▄▄▄▄▄▄▄▄▄▄▄▄▄▄▄▄▄▄▄▄▄▄▄▄▄▄▄▄▄▄▄▄▄▄▄▄▄▄▄▄▄▄▄▄▄▄▄▄▄▄▄▄▄▄▄▄▄▄▄▄▄▄▄▄▄▄▄▄▄▄▄▄▄▄▄▄▄▄▄▄▄▄▄▄▄
    def hello():
        print('Hello, World!')
  ▀▀▀▀▀▀▀▀▀▀▀▀▀▀▀▀▀▀▀▀▀▀▀▀▀▀▀▀▀▀▀▀▀▀▀▀▀▀▀▀▀▀▀▀▀▀▀▀▀▀▀▀▀▀▀▀▀▀▀▀▀▀▀▀▀▀▀▀▀▀▀▀▀▀▀▀▀▀▀▀▀▀▀▀▀▀▀▀▀▀▀▀▀▀▀▀
  ────────────────────────────────────────────────────────────────────────────────────────────────

                                              7. 表格
   姓名                          │ 年龄                          │ 城市
   张三                          │ 25                            │ 北京
   李四                          │ 30                            │ 上海
   王五                          │ 28                            │ 广州
  ────────────────────────────────────────────────────────────────────────────────────────────────

                                             8. 分割线
  ────────────────────────────────────────────────────────────────────────────────────────────────

                                            9. 任务列表
  • [x] 已完成任务
  • [ ] 未完成任务
  • [ ] 另一个未完成任务
  ────────────────────────────────────────────────────────────────────────────────────────────────

                                              10. 脚注
  这是一个脚注示例¹
  ¹ 这是脚注的内容
